// Jest Snapshot v1, https://goo.gl/fbAQLP

exports[`DateField Tests Snapshot test 1`] = `
<div
  className="MuiFormControl-root MuiTextField-root makeStyles-textField-1"
>
  <label
    className="MuiFormLabel-root MuiInputLabel-root MuiInputLabel-formControl MuiInputLabel-animated MuiInputLabel-shrink MuiFormLabel-filled Mui-required Mui-required"
    data-shrink={true}
    htmlFor="testDate"
    id="testDate-label"
  >
    テスト
    <span
      aria-hidden={true}
      className="MuiFormLabel-asterisk MuiInputLabel-asterisk"
    >
       
      *
    </span>
  </label>
  <div
    className="MuiInputBase-root MuiInput-root MuiInput-underline MuiInputBase-formControl MuiInput-formControl"
    onClick={[Function]}
  >
    <input
      aria-invalid={false}
      autoComplete="off"
      autoFocus={false}
      className="MuiInputBase-input MuiInput-input"
      disabled={false}
      id="testDate"
      onAnimationStart={[Function]}
      onBlur={[Function]}
      onChange={[Function]}
      onFocus={[Function]}
      required={true}
      type="date"
      value="2020-01-01"
    />
  </div>
</div>
`;
