// Jest Snapshot v1, https://goo.gl/fbAQLP

exports[`Snapshot test for FooterDefault 1`] = `
<footer
  className="makeStyles-root-1"
>
  <h6
    className="MuiTypography-root MuiTypography-h6 MuiTypography-alignCenter"
  >
    退職届ジェネレーター
  </h6>
  <p
    className="MuiTypography-root MuiTypography-body1 MuiTypography-colorTextSecondary MuiTypography-gutterBottom MuiTypography-alignCenter"
  >
    <MockedLink
      href="/"
      passHref={true}
    >
      <a
        className="MuiTypography-root MuiLink-root MuiLink-underlineHover MuiTypography-colorInherit"
        onBlur={[Function]}
        onFocus={[Function]}
      >
        トップページ
      </a>
    </MockedLink>
  </p>
  <p
    className="MuiTypography-root MuiTypography-subtitle1 MuiTypography-colorTextSecondary MuiTypography-alignCenter"
  >
    Released under the MIT License.
  </p>
  <MockedCopyright />
</footer>
`;
