// Jest Snapshot v1, https://goo.gl/fbAQLP

exports[`Snapshot test for ExportDialogButtons 1`] = `
<div
  className="makeStyles-root-1"
>
  <button
    className="MuiButtonBase-root MuiButton-root MuiButton-contained makeStyles-margin-2 makeStyles-button-3 MuiButton-containedSecondary"
    disabled={false}
    onBlur={[Function]}
    onClick={[Function]}
    onDragLeave={[Function]}
    onFocus={[Function]}
    onKeyDown={[Function]}
    onKeyUp={[Function]}
    onMouseDown={[Function]}
    onMouseLeave={[Function]}
    onMouseUp={[Function]}
    onTouchEnd={[Function]}
    onTouchMove={[Function]}
    onTouchStart={[Function]}
    tabIndex={0}
    type="button"
  >
    <span
      className="MuiButton-label"
    >
      入力へ戻る
    </span>
  </button>
  <button
    className="MuiButtonBase-root MuiButton-root MuiButton-contained makeStyles-margin-2 makeStyles-button-3 MuiButton-containedPrimary"
    disabled={false}
    onBlur={[Function]}
    onClick={[Function]}
    onDragLeave={[Function]}
    onFocus={[Function]}
    onKeyDown={[Function]}
    onKeyUp={[Function]}
    onMouseDown={[Function]}
    onMouseLeave={[Function]}
    onMouseUp={[Function]}
    onTouchEnd={[Function]}
    onTouchMove={[Function]}
    onTouchStart={[Function]}
    tabIndex={0}
    type="button"
  >
    <span
      className="MuiButton-label"
    >
      WORD出力
    </span>
  </button>
  <button
    className="MuiButtonBase-root MuiButton-root MuiButton-contained makeStyles-margin-2 makeStyles-button-3 MuiButton-containedPrimary"
    disabled={false}
    onBlur={[Function]}
    onClick={[Function]}
    onDragLeave={[Function]}
    onFocus={[Function]}
    onKeyDown={[Function]}
    onKeyUp={[Function]}
    onMouseDown={[Function]}
    onMouseLeave={[Function]}
    onMouseUp={[Function]}
    onTouchEnd={[Function]}
    onTouchMove={[Function]}
    onTouchStart={[Function]}
    tabIndex={0}
    type="button"
  >
    <span
      className="MuiButton-label"
    >
      PDF出力
    </span>
  </button>
</div>
`;
