// Jest Snapshot v1, https://goo.gl/fbAQLP

exports[`ParametersField Tests Snapshot test 1`] = `
<div
  className="makeStyles-root-1"
>
  <div
    className="MuiFormControl-root MuiTextField-root makeStyles-margin-2 makeStyles-textField-3"
  >
    <label
      className="MuiFormLabel-root MuiInputLabel-root MuiInputLabel-formControl MuiInputLabel-animated MuiInputLabel-shrink Mui-required Mui-required"
      data-shrink={true}
      htmlFor="name"
      id="name-label"
    >
      退職者
      <span
        aria-hidden={true}
        className="MuiFormLabel-asterisk MuiInputLabel-asterisk"
      >
         
        *
      </span>
    </label>
    <div
      className="MuiInputBase-root MuiInput-root MuiInput-underline MuiInputBase-formControl MuiInput-formControl"
      onClick={[Function]}
    >
      <input
        aria-invalid={false}
        autoComplete="off"
        autoFocus={false}
        className="MuiInputBase-input MuiInput-input"
        defaultValue=""
        disabled={false}
        id="name"
        onAnimationStart={[Function]}
        onBlur={[Function]}
        onChange={[Function]}
        onFocus={[Function]}
        placeholder="無職太郎"
        required={true}
        type="text"
      />
    </div>
  </div>
  <div
    className="MuiFormControl-root MuiTextField-root makeStyles-margin-2 makeStyles-textField-3"
  >
    <label
      className="MuiFormLabel-root MuiInputLabel-root MuiInputLabel-formControl MuiInputLabel-animated MuiInputLabel-shrink Mui-required Mui-required"
      data-shrink={true}
      htmlFor="companyName"
      id="companyName-label"
    >
      会社名
      <span
        aria-hidden={true}
        className="MuiFormLabel-asterisk MuiInputLabel-asterisk"
      >
         
        *
      </span>
    </label>
    <div
      className="MuiInputBase-root MuiInput-root MuiInput-underline MuiInputBase-formControl MuiInput-formControl"
      onClick={[Function]}
    >
      <input
        aria-invalid={false}
        autoComplete="off"
        autoFocus={false}
        className="MuiInputBase-input MuiInput-input"
        defaultValue=""
        disabled={false}
        id="companyName"
        onAnimationStart={[Function]}
        onBlur={[Function]}
        onChange={[Function]}
        onFocus={[Function]}
        placeholder="株式会社無職"
        required={true}
        type="text"
      />
    </div>
  </div>
  <div
    className="MuiFormControl-root MuiTextField-root makeStyles-margin-2 makeStyles-textField-3"
  >
    <label
      className="MuiFormLabel-root MuiInputLabel-root MuiInputLabel-formControl MuiInputLabel-animated MuiInputLabel-shrink"
      data-shrink={true}
      htmlFor="department"
      id="department-label"
    >
      所属部署
    </label>
    <div
      className="MuiInputBase-root MuiInput-root MuiInput-underline MuiInputBase-formControl MuiInput-formControl"
      onClick={[Function]}
    >
      <input
        aria-invalid={false}
        autoComplete="off"
        autoFocus={false}
        className="MuiInputBase-input MuiInput-input"
        defaultValue=""
        disabled={false}
        id="department"
        onAnimationStart={[Function]}
        onBlur={[Function]}
        onChange={[Function]}
        onFocus={[Function]}
        placeholder="開発部退職課"
        required={false}
        type="text"
      />
    </div>
  </div>
  <div
    className="MuiFormControl-root MuiTextField-root makeStyles-margin-2 makeStyles-textField-3"
  >
    <label
      className="MuiFormLabel-root MuiInputLabel-root MuiInputLabel-formControl MuiInputLabel-animated MuiInputLabel-shrink Mui-required Mui-required"
      data-shrink={true}
      htmlFor="representativeDirector"
      id="representativeDirector-label"
    >
      代表取締役
      <span
        aria-hidden={true}
        className="MuiFormLabel-asterisk MuiInputLabel-asterisk"
      >
         
        *
      </span>
    </label>
    <div
      className="MuiInputBase-root MuiInput-root MuiInput-underline MuiInputBase-formControl MuiInput-formControl"
      onClick={[Function]}
    >
      <input
        aria-invalid={false}
        autoComplete="off"
        autoFocus={false}
        className="MuiInputBase-input MuiInput-input"
        defaultValue=""
        disabled={false}
        id="representativeDirector"
        onAnimationStart={[Function]}
        onBlur={[Function]}
        onChange={[Function]}
        onFocus={[Function]}
        placeholder="無職社長"
        required={true}
        type="text"
      />
    </div>
  </div>
  <div
    className="MuiFormControl-root MuiTextField-root makeStyles-margin-2 makeStyles-textField-3"
    onChangeCapture={[Function]}
  >
    <label
      className="MuiFormLabel-root MuiInputLabel-root MuiInputLabel-formControl MuiInputLabel-animated MuiInputLabel-shrink Mui-required Mui-required"
      data-shrink={true}
      htmlFor="dateOfRetirement"
      id="dateOfRetirement-label"
    >
      退職日
      <span
        aria-hidden={true}
        className="MuiFormLabel-asterisk MuiInputLabel-asterisk"
      >
         
        *
      </span>
    </label>
    <div
      className="MuiInputBase-root MuiInput-root MuiInput-underline MuiInputBase-formControl MuiInput-formControl"
      onClick={[Function]}
    >
      <input
        aria-invalid={false}
        autoComplete="off"
        autoFocus={false}
        className="MuiInputBase-input MuiInput-input"
        defaultValue=""
        disabled={false}
        id="dateOfRetirement"
        onAnimationStart={[Function]}
        onBlur={[Function]}
        onChange={[Function]}
        onFocus={[Function]}
        required={true}
        type="date"
      />
    </div>
  </div>
  <div
    className="MuiFormControl-root MuiTextField-root makeStyles-margin-2 makeStyles-textField-3"
  >
    <label
      className="MuiFormLabel-root MuiInputLabel-root MuiInputLabel-formControl MuiInputLabel-animated MuiInputLabel-shrink Mui-required Mui-required"
      data-shrink={true}
      htmlFor="reason"
      id="reason-label"
    >
      退職理由
      <span
        aria-hidden={true}
        className="MuiFormLabel-asterisk MuiInputLabel-asterisk"
      >
         
        *
      </span>
    </label>
    <div
      className="MuiInputBase-root MuiInput-root MuiInput-underline MuiInputBase-formControl MuiInput-formControl"
      onClick={[Function]}
    >
      <input
        aria-invalid={false}
        autoComplete="off"
        autoFocus={false}
        className="MuiInputBase-input MuiInput-input"
        defaultValue=""
        disabled={false}
        id="reason"
        onAnimationStart={[Function]}
        onBlur={[Function]}
        onChange={[Function]}
        onFocus={[Function]}
        placeholder="一身上の都合"
        required={true}
        type="text"
      />
    </div>
  </div>
  <div
    className="MuiFormControl-root MuiTextField-root makeStyles-margin-2 makeStyles-textField-3"
  >
    <label
      className="MuiFormLabel-root MuiInputLabel-root MuiInputLabel-formControl MuiInputLabel-animated MuiInputLabel-shrink MuiFormLabel-filled Mui-required Mui-required"
      data-shrink={true}
      htmlFor="daysOfPaidLeaveRemaining"
      id="daysOfPaidLeaveRemaining-label"
    >
      残有給休暇日数
      <span
        aria-hidden={true}
        className="MuiFormLabel-asterisk MuiInputLabel-asterisk"
      >
         
        *
      </span>
    </label>
    <div
      className="MuiInputBase-root MuiInput-root MuiInput-underline MuiInputBase-formControl MuiInput-formControl MuiInputBase-adornedEnd"
      onClick={[Function]}
    >
      <input
        aria-invalid={false}
        autoComplete="off"
        autoFocus={false}
        className="MuiInputBase-input MuiInput-input MuiInputBase-inputAdornedEnd"
        defaultValue={0}
        disabled={false}
        id="daysOfPaidLeaveRemaining"
        onAnimationStart={[Function]}
        onBlur={[Function]}
        onChange={[Function]}
        onFocus={[Function]}
        required={true}
        type="text"
      />
      <div
        className="MuiInputAdornment-root MuiInputAdornment-positionEnd"
      >
        <p
          className="MuiTypography-root MuiTypography-body1 MuiTypography-colorTextSecondary"
        >
          日
        </p>
      </div>
    </div>
  </div>
</div>
`;
