// Jest Snapshot v1, https://goo.gl/fbAQLP

exports[`ParametersField Tests Snapshot test 1`] = `
<div
  className="makeStyles-root-1"
>
  <MockedStringField
    id="name"
    isRequired={true}
    label="退職者"
    placeholder="無職太郎"
    setValue={[Function]}
    value=""
  />
  <MockedStringField
    id="companyName"
    isRequired={true}
    label="会社名"
    placeholder="株式会社無職"
    setValue={[Function]}
    value=""
  />
  <MockedStringField
    id="department"
    isRequired={false}
    label="所属部署"
    placeholder="開発部退職課"
    setValue={[Function]}
    value=""
  />
  <MockedStringField
    id="representativeDirector"
    isRequired={true}
    label="代表取締役"
    placeholder="無職社長"
    setValue={[Function]}
    value=""
  />
  <MockedStringField
    id="reason"
    isRequired={true}
    label="退職理由"
    placeholder="一身上の都合"
    setValue={[Function]}
    value=""
  />
  <MockedDateField
    id="dateOfNotification"
    isRequired={true}
    label="退職届け出日"
    setValue={[Function]}
    value=""
  />
  <MockedNumberField
    endAdornment="日"
    id="daysOfPaidLeaveRemaining"
    isRequired={true}
    label="消化有給休暇日数"
    setValue={[Function]}
    value={0}
  />
  <MockedDateField
    id="dateOfRetirement"
    isRequired={true}
    label="退職日"
    minValue="Invalid Date"
    setValue={[Function]}
    value=""
  />
</div>
`;
